Archive member included to satisfy reference by file (symbol)

c:/program files (x86)/atmel/studio/7.0/toolchain/avr8/avr8-gnu-toolchain/bin/../lib/gcc/avr/4.9.2/avr5\libgcc.a(_divmodhi4.o)
                              BTN.o (__divmodhi4)
c:/program files (x86)/atmel/studio/7.0/toolchain/avr8/avr8-gnu-toolchain/bin/../lib/gcc/avr/4.9.2/avr5\libgcc.a(_exit.o)
                              C:/Program Files (x86)/Atmel/Studio/7.0/Packs/atmel/ATmega_DFP/1.0.106/gcc/dev/atmega16/avr5/crtatmega16.o (exit)
c:/program files (x86)/atmel/studio/7.0/toolchain/avr8/avr8-gnu-toolchain/bin/../lib/gcc/avr/4.9.2/avr5\libgcc.a(_copy_data.o)
                              APP.o (__do_copy_data)
c:/program files (x86)/atmel/studio/7.0/toolchain/avr8/avr8-gnu-toolchain/bin/../lib/gcc/avr/4.9.2/avr5\libgcc.a(_clear_bss.o)
                              BTN.o (__do_clear_bss)
c:/program files (x86)/atmel/studio/7.0/toolchain/avr8/avr8-gnu-toolchain/bin/../lib/gcc/avr/4.9.2/avr5\libgcc.a(_udivmodhi4.o)
                              c:/program files (x86)/atmel/studio/7.0/toolchain/avr8/avr8-gnu-toolchain/bin/../lib/gcc/avr/4.9.2/avr5\libgcc.a(_divmodhi4.o) (__udivmodhi4)

Allocating common symbols
Common symbol       size              file

x                   0x1               EEPROM.o

Discarded input sections

 .data          0x00000000        0x0 C:/Program Files (x86)/Atmel/Studio/7.0/Packs/atmel/ATmega_DFP/1.0.106/gcc/dev/atmega16/avr5/crtatmega16.o
 .bss           0x00000000        0x0 C:/Program Files (x86)/Atmel/Studio/7.0/Packs/atmel/ATmega_DFP/1.0.106/gcc/dev/atmega16/avr5/crtatmega16.o
 .text          0x00000000        0x0 APP.o
 .data          0x00000000        0x0 APP.o
 .bss           0x00000000        0x0 APP.o
 .text          0x00000000        0x0 BTN.o
 .data          0x00000000        0x0 BTN.o
 .bss           0x00000000        0x0 BTN.o
 .text.BTN_u8getStatus
                0x00000000       0x16 BTN.o
 .text.BTN_vdRead
                0x00000000       0x90 BTN.o
 .bss.i.1513    0x00000000       0x10 BTN.o
 .bss.temp1.1512
                0x00000000        0x8 BTN.o
 .bss.BTNstatus
                0x00000000        0x8 BTN.o
 .debug_info    0x00000000      0x16d BTN.o
 .debug_abbrev  0x00000000       0xff BTN.o
 .debug_loc     0x00000000       0xc4 BTN.o
 .debug_aranges
                0x00000000       0x28 BTN.o
 .debug_ranges  0x00000000       0x18 BTN.o
 .debug_line    0x00000000       0xb1 BTN.o
 .debug_str     0x00000000      0x197 BTN.o
 .comment       0x00000000       0x31 BTN.o
 .debug_frame   0x00000000       0x3c BTN.o
 .text          0x00000000        0x0 DIO.o
 .data          0x00000000        0x0 DIO.o
 .bss           0x00000000        0x0 DIO.o
 .text.DIO_u8ReadPin
                0x00000000       0x62 DIO.o
 .text          0x00000000        0x0 EEPROM.o
 .data          0x00000000        0x0 EEPROM.o
 .bss           0x00000000        0x0 EEPROM.o
 .text          0x00000000        0x0 KEYPAD.o
 .data          0x00000000        0x0 KEYPAD.o
 .bss           0x00000000        0x0 KEYPAD.o
 .text.KEYPAD_vdRead
                0x00000000       0xdc KEYPAD.o
 .text.KEYPAD_u8Read
                0x00000000        0x6 KEYPAD.o
 .bss.i.1500    0x00000000        0x2 KEYPAD.o
 .bss.temp1.1499
                0x00000000        0x1 KEYPAD.o
 .bss.status    0x00000000        0x1 KEYPAD.o
 .rodata.arr    0x00000000       0x10 KEYPAD.o
 .debug_info    0x00000000      0x1a5 KEYPAD.o
 .debug_abbrev  0x00000000      0x137 KEYPAD.o
 .debug_loc     0x00000000       0xfc KEYPAD.o
 .debug_aranges
                0x00000000       0x28 KEYPAD.o
 .debug_ranges  0x00000000       0x18 KEYPAD.o
 .debug_line    0x00000000       0xdf KEYPAD.o
 .debug_str     0x00000000      0x15d KEYPAD.o
 .comment       0x00000000       0x31 KEYPAD.o
 .debug_frame   0x00000000       0x50 KEYPAD.o
 .text          0x00000000        0x0 LCD.o
 .data          0x00000000        0x0 LCD.o
 .bss           0x00000000        0x0 LCD.o
 .text.LCD_vdWriteString
                0x00000000       0x1e LCD.o
 .text.LCD_vdWriteCharPos
                0x00000000       0x16 LCD.o
 .text.LCD_vdWriteStringPos
                0x00000000       0x30 LCD.o
 .text.LCD_vdClear
                0x00000000        0x8 LCD.o
 .text.LCD_Custom_Char
                0x00000000       0x36 LCD.o
 .text          0x00000000        0x0 LED.o
 .data          0x00000000        0x0 LED.o
 .bss           0x00000000        0x0 LED.o
 .text.LEDrefresh
                0x00000000       0x14 LED.o
 .text          0x00000000        0x0 main.o
 .data          0x00000000        0x0 main.o
 .bss           0x00000000        0x0 main.o
 .text          0x00000000        0x0 Sch.o
 .data          0x00000000        0x0 Sch.o
 .bss           0x00000000        0x0 Sch.o
 .text          0x00000000        0x0 SPI.o
 .data          0x00000000        0x0 SPI.o
 .bss           0x00000000        0x0 SPI.o
 .text.SPI_vdSend2Bytes
                0x00000000       0x12 SPI.o
 .text.SPI_vdSSenable
                0x00000000        0x4 SPI.o
 .text          0x00000000        0x0 TIMER0.o
 .data          0x00000000        0x0 TIMER0.o
 .bss           0x00000000        0x0 TIMER0.o
 .text          0x00000000        0x0 TWI.o
 .data          0x00000000        0x0 TWI.o
 .bss           0x00000000        0x0 TWI.o
 .text.TWI_u8ReadwithAck
                0x00000000       0x14 TWI.o
 .text          0x00000000        0x0 c:/program files (x86)/atmel/studio/7.0/toolchain/avr8/avr8-gnu-toolchain/bin/../lib/gcc/avr/4.9.2/avr5\libgcc.a(_divmodhi4.o)
 .data          0x00000000        0x0 c:/program files (x86)/atmel/studio/7.0/toolchain/avr8/avr8-gnu-toolchain/bin/../lib/gcc/avr/4.9.2/avr5\libgcc.a(_divmodhi4.o)
 .bss           0x00000000        0x0 c:/program files (x86)/atmel/studio/7.0/toolchain/avr8/avr8-gnu-toolchain/bin/../lib/gcc/avr/4.9.2/avr5\libgcc.a(_divmodhi4.o)
 .text.libgcc.mul
                0x00000000        0x0 c:/program files (x86)/atmel/studio/7.0/toolchain/avr8/avr8-gnu-toolchain/bin/../lib/gcc/avr/4.9.2/avr5\libgcc.a(_divmodhi4.o)
 .text.libgcc.div
                0x00000000       0x28 c:/program files (x86)/atmel/studio/7.0/toolchain/avr8/avr8-gnu-toolchain/bin/../lib/gcc/avr/4.9.2/avr5\libgcc.a(_divmodhi4.o)
 .text.libgcc   0x00000000        0x0 c:/program files (x86)/atmel/studio/7.0/toolchain/avr8/avr8-gnu-toolchain/bin/../lib/gcc/avr/4.9.2/avr5\libgcc.a(_divmodhi4.o)
 .text.libgcc.prologue
                0x00000000        0x0 c:/program files (x86)/atmel/studio/7.0/toolchain/avr8/avr8-gnu-toolchain/bin/../lib/gcc/avr/4.9.2/avr5\libgcc.a(_divmodhi4.o)
 .text.libgcc.builtins
                0x00000000        0x0 c:/program files (x86)/atmel/studio/7.0/toolchain/avr8/avr8-gnu-toolchain/bin/../lib/gcc/avr/4.9.2/avr5\libgcc.a(_divmodhi4.o)
 .text.libgcc.fmul
                0x00000000        0x0 c:/program files (x86)/atmel/studio/7.0/toolchain/avr8/avr8-gnu-toolchain/bin/../lib/gcc/avr/4.9.2/avr5\libgcc.a(_divmodhi4.o)
 .text.libgcc.fixed
                0x00000000        0x0 c:/program files (x86)/atmel/studio/7.0/toolchain/avr8/avr8-gnu-toolchain/bin/../lib/gcc/avr/4.9.2/avr5\libgcc.a(_divmodhi4.o)
 .text          0x00000000        0x0 c:/program files (x86)/atmel/studio/7.0/toolchain/avr8/avr8-gnu-toolchain/bin/../lib/gcc/avr/4.9.2/avr5\libgcc.a(_exit.o)
 .data          0x00000000        0x0 c:/program files (x86)/atmel/studio/7.0/toolchain/avr8/avr8-gnu-toolchain/bin/../lib/gcc/avr/4.9.2/avr5\libgcc.a(_exit.o)
 .bss           0x00000000        0x0 c:/program files (x86)/atmel/studio/7.0/toolchain/avr8/avr8-gnu-toolchain/bin/../lib/gcc/avr/4.9.2/avr5\libgcc.a(_exit.o)
 .text.libgcc.mul
                0x00000000        0x0 c:/program files (x86)/atmel/studio/7.0/toolchain/avr8/avr8-gnu-toolchain/bin/../lib/gcc/avr/4.9.2/avr5\libgcc.a(_exit.o)
 .text.libgcc.div
                0x00000000        0x0 c:/program files (x86)/atmel/studio/7.0/toolchain/avr8/avr8-gnu-toolchain/bin/../lib/gcc/avr/4.9.2/avr5\libgcc.a(_exit.o)
 .text.libgcc   0x00000000        0x0 c:/program files (x86)/atmel/studio/7.0/toolchain/avr8/avr8-gnu-toolchain/bin/../lib/gcc/avr/4.9.2/avr5\libgcc.a(_exit.o)
 .text.libgcc.prologue
                0x00000000        0x0 c:/program files (x86)/atmel/studio/7.0/toolchain/avr8/avr8-gnu-toolchain/bin/../lib/gcc/avr/4.9.2/avr5\libgcc.a(_exit.o)
 .text.libgcc.builtins
                0x00000000        0x0 c:/program files (x86)/atmel/studio/7.0/toolchain/avr8/avr8-gnu-toolchain/bin/../lib/gcc/avr/4.9.2/avr5\libgcc.a(_exit.o)
 .text.libgcc.fmul
                0x00000000        0x0 c:/program files (x86)/atmel/studio/7.0/toolchain/avr8/avr8-gnu-toolchain/bin/../lib/gcc/avr/4.9.2/avr5\libgcc.a(_exit.o)
 .text.libgcc.fixed
                0x00000000        0x0 c:/program files (x86)/atmel/studio/7.0/toolchain/avr8/avr8-gnu-toolchain/bin/../lib/gcc/avr/4.9.2/avr5\libgcc.a(_exit.o)
 .text          0x00000000        0x0 c:/program files (x86)/atmel/studio/7.0/toolchain/avr8/avr8-gnu-toolchain/bin/../lib/gcc/avr/4.9.2/avr5\libgcc.a(_copy_data.o)
 .data          0x00000000        0x0 c:/program files (x86)/atmel/studio/7.0/toolchain/avr8/avr8-gnu-toolchain/bin/../lib/gcc/avr/4.9.2/avr5\libgcc.a(_copy_data.o)
 .bss           0x00000000        0x0 c:/program files (x86)/atmel/studio/7.0/toolchain/avr8/avr8-gnu-toolchain/bin/../lib/gcc/avr/4.9.2/avr5\libgcc.a(_copy_data.o)
 .text.libgcc.mul
                0x00000000        0x0 c:/program files (x86)/atmel/studio/7.0/toolchain/avr8/avr8-gnu-toolchain/bin/../lib/gcc/avr/4.9.2/avr5\libgcc.a(_copy_data.o)
 .text.libgcc.div
                0x00000000        0x0 c:/program files (x86)/atmel/studio/7.0/toolchain/avr8/avr8-gnu-toolchain/bin/../lib/gcc/avr/4.9.2/avr5\libgcc.a(_copy_data.o)
 .text.libgcc   0x00000000        0x0 c:/program files (x86)/atmel/studio/7.0/toolchain/avr8/avr8-gnu-toolchain/bin/../lib/gcc/avr/4.9.2/avr5\libgcc.a(_copy_data.o)
 .text.libgcc.prologue
                0x00000000        0x0 c:/program files (x86)/atmel/studio/7.0/toolchain/avr8/avr8-gnu-toolchain/bin/../lib/gcc/avr/4.9.2/avr5\libgcc.a(_copy_data.o)
 .text.libgcc.builtins
                0x00000000        0x0 c:/program files (x86)/atmel/studio/7.0/toolchain/avr8/avr8-gnu-toolchain/bin/../lib/gcc/avr/4.9.2/avr5\libgcc.a(_copy_data.o)
 .text.libgcc.fmul
                0x00000000        0x0 c:/program files (x86)/atmel/studio/7.0/toolchain/avr8/avr8-gnu-toolchain/bin/../lib/gcc/avr/4.9.2/avr5\libgcc.a(_copy_data.o)
 .text.libgcc.fixed
                0x00000000        0x0 c:/program files (x86)/atmel/studio/7.0/toolchain/avr8/avr8-gnu-toolchain/bin/../lib/gcc/avr/4.9.2/avr5\libgcc.a(_copy_data.o)
 .text          0x00000000        0x0 c:/program files (x86)/atmel/studio/7.0/toolchain/avr8/avr8-gnu-toolchain/bin/../lib/gcc/avr/4.9.2/avr5\libgcc.a(_clear_bss.o)
 .data          0x00000000        0x0 c:/program files (x86)/atmel/studio/7.0/toolchain/avr8/avr8-gnu-toolchain/bin/../lib/gcc/avr/4.9.2/avr5\libgcc.a(_clear_bss.o)
 .bss           0x00000000        0x0 c:/program files (x86)/atmel/studio/7.0/toolchain/avr8/avr8-gnu-toolchain/bin/../lib/gcc/avr/4.9.2/avr5\libgcc.a(_clear_bss.o)
 .text.libgcc.mul
                0x00000000        0x0 c:/program files (x86)/atmel/studio/7.0/toolchain/avr8/avr8-gnu-toolchain/bin/../lib/gcc/avr/4.9.2/avr5\libgcc.a(_clear_bss.o)
 .text.libgcc.div
                0x00000000        0x0 c:/program files (x86)/atmel/studio/7.0/toolchain/avr8/avr8-gnu-toolchain/bin/../lib/gcc/avr/4.9.2/avr5\libgcc.a(_clear_bss.o)
 .text.libgcc   0x00000000        0x0 c:/program files (x86)/atmel/studio/7.0/toolchain/avr8/avr8-gnu-toolchain/bin/../lib/gcc/avr/4.9.2/avr5\libgcc.a(_clear_bss.o)
 .text.libgcc.prologue
                0x00000000        0x0 c:/program files (x86)/atmel/studio/7.0/toolchain/avr8/avr8-gnu-toolchain/bin/../lib/gcc/avr/4.9.2/avr5\libgcc.a(_clear_bss.o)
 .text.libgcc.builtins
                0x00000000        0x0 c:/program files (x86)/atmel/studio/7.0/toolchain/avr8/avr8-gnu-toolchain/bin/../lib/gcc/avr/4.9.2/avr5\libgcc.a(_clear_bss.o)
 .text.libgcc.fmul
                0x00000000        0x0 c:/program files (x86)/atmel/studio/7.0/toolchain/avr8/avr8-gnu-toolchain/bin/../lib/gcc/avr/4.9.2/avr5\libgcc.a(_clear_bss.o)
 .text.libgcc.fixed
                0x00000000        0x0 c:/program files (x86)/atmel/studio/7.0/toolchain/avr8/avr8-gnu-toolchain/bin/../lib/gcc/avr/4.9.2/avr5\libgcc.a(_clear_bss.o)
 .text          0x00000000        0x0 c:/program files (x86)/atmel/studio/7.0/toolchain/avr8/avr8-gnu-toolchain/bin/../lib/gcc/avr/4.9.2/avr5\libgcc.a(_udivmodhi4.o)
 .data          0x00000000        0x0 c:/program files (x86)/atmel/studio/7.0/toolchain/avr8/avr8-gnu-toolchain/bin/../lib/gcc/avr/4.9.2/avr5\libgcc.a(_udivmodhi4.o)
 .bss           0x00000000        0x0 c:/program files (x86)/atmel/studio/7.0/toolchain/avr8/avr8-gnu-toolchain/bin/../lib/gcc/avr/4.9.2/avr5\libgcc.a(_udivmodhi4.o)
 .text.libgcc.mul
                0x00000000        0x0 c:/program files (x86)/atmel/studio/7.0/toolchain/avr8/avr8-gnu-toolchain/bin/../lib/gcc/avr/4.9.2/avr5\libgcc.a(_udivmodhi4.o)
 .text.libgcc.div
                0x00000000       0x28 c:/program files (x86)/atmel/studio/7.0/toolchain/avr8/avr8-gnu-toolchain/bin/../lib/gcc/avr/4.9.2/avr5\libgcc.a(_udivmodhi4.o)
 .text.libgcc   0x00000000        0x0 c:/program files (x86)/atmel/studio/7.0/toolchain/avr8/avr8-gnu-toolchain/bin/../lib/gcc/avr/4.9.2/avr5\libgcc.a(_udivmodhi4.o)
 .text.libgcc.prologue
                0x00000000        0x0 c:/program files (x86)/atmel/studio/7.0/toolchain/avr8/avr8-gnu-toolchain/bin/../lib/gcc/avr/4.9.2/avr5\libgcc.a(_udivmodhi4.o)
 .text.libgcc.builtins
                0x00000000        0x0 c:/program files (x86)/atmel/studio/7.0/toolchain/avr8/avr8-gnu-toolchain/bin/../lib/gcc/avr/4.9.2/avr5\libgcc.a(_udivmodhi4.o)
 .text.libgcc.fmul
                0x00000000        0x0 c:/program files (x86)/atmel/studio/7.0/toolchain/avr8/avr8-gnu-toolchain/bin/../lib/gcc/avr/4.9.2/avr5\libgcc.a(_udivmodhi4.o)
 .text.libgcc.fixed
                0x00000000        0x0 c:/program files (x86)/atmel/studio/7.0/toolchain/avr8/avr8-gnu-toolchain/bin/../lib/gcc/avr/4.9.2/avr5\libgcc.a(_udivmodhi4.o)

Memory Configuration

Name             Origin             Length             Attributes
text             0x00000000         0x00020000         xr
data             0x00800060         0x0000ffa0         rw !x
eeprom           0x00810000         0x00010000         rw !x
fuse             0x00820000         0x00000400         rw !x
lock             0x00830000         0x00000400         rw !x
signature        0x00840000         0x00000400         rw !x
user_signatures  0x00850000         0x00000400         rw !x
*default*        0x00000000         0xffffffff

Linker script and memory map

LOAD C:/Program Files (x86)/Atmel/Studio/7.0/Packs/atmel/ATmega_DFP/1.0.106/gcc/dev/atmega16/avr5/crtatmega16.o
LOAD APP.o
LOAD BTN.o
LOAD DIO.o
LOAD EEPROM.o
LOAD KEYPAD.o
LOAD LCD.o
LOAD LED.o
LOAD main.o
LOAD Sch.o
LOAD SPI.o
LOAD TIMER0.o
LOAD TWI.o
START GROUP
LOAD c:/program files (x86)/atmel/studio/7.0/toolchain/avr8/avr8-gnu-toolchain/bin/../lib/gcc/avr/4.9.2/../../../../avr/lib/avr5\libm.a
END GROUP
START GROUP
LOAD c:/program files (x86)/atmel/studio/7.0/toolchain/avr8/avr8-gnu-toolchain/bin/../lib/gcc/avr/4.9.2/avr5\libgcc.a
LOAD c:/program files (x86)/atmel/studio/7.0/toolchain/avr8/avr8-gnu-toolchain/bin/../lib/gcc/avr/4.9.2/../../../../avr/lib/avr5\libm.a
LOAD c:/program files (x86)/atmel/studio/7.0/toolchain/avr8/avr8-gnu-toolchain/bin/../lib/gcc/avr/4.9.2/../../../../avr/lib/avr5\libc.a
LOAD C:/Program Files (x86)/Atmel/Studio/7.0/Packs/atmel/ATmega_DFP/1.0.106/gcc/dev/atmega16/avr5\libatmega16.a
END GROUP
                0x00020000                __TEXT_REGION_LENGTH__ = DEFINED (__TEXT_REGION_LENGTH__)?__TEXT_REGION_LENGTH__:0x20000
                0x0000ffa0                __DATA_REGION_LENGTH__ = DEFINED (__DATA_REGION_LENGTH__)?__DATA_REGION_LENGTH__:0xffa0
                0x00010000                __EEPROM_REGION_LENGTH__ = DEFINED (__EEPROM_REGION_LENGTH__)?__EEPROM_REGION_LENGTH__:0x10000
                0x00000400                __FUSE_REGION_LENGTH__ = DEFINED (__FUSE_REGION_LENGTH__)?__FUSE_REGION_LENGTH__:0x400
                0x00000400                __LOCK_REGION_LENGTH__ = DEFINED (__LOCK_REGION_LENGTH__)?__LOCK_REGION_LENGTH__:0x400
                0x00000400                __SIGNATURE_REGION_LENGTH__ = DEFINED (__SIGNATURE_REGION_LENGTH__)?__SIGNATURE_REGION_LENGTH__:0x400
                0x00000400                __USER_SIGNATURE_REGION_LENGTH__ = DEFINED (__USER_SIGNATURE_REGION_LENGTH__)?__USER_SIGNATURE_REGION_LENGTH__:0x400

.hash
 *(.hash)

.dynsym
 *(.dynsym)

.dynstr
 *(.dynstr)

.gnu.version
 *(.gnu.version)

.gnu.version_d
 *(.gnu.version_d)

.gnu.version_r
 *(.gnu.version_r)

.rel.init
 *(.rel.init)

.rela.init
 *(.rela.init)

.rel.text
 *(.rel.text)
 *(.rel.text.*)
 *(.rel.gnu.linkonce.t*)

.rela.text
 *(.rela.text)
 *(.rela.text.*)
 *(.rela.gnu.linkonce.t*)

.rel.fini
 *(.rel.fini)

.rela.fini
 *(.rela.fini)

.rel.rodata
 *(.rel.rodata)
 *(.rel.rodata.*)
 *(.rel.gnu.linkonce.r*)

.rela.rodata
 *(.rela.rodata)
 *(.rela.rodata.*)
 *(.rela.gnu.linkonce.r*)

.rel.data
 *(.rel.data)
 *(.rel.data.*)
 *(.rel.gnu.linkonce.d*)

.rela.data
 *(.rela.data)
 *(.rela.data.*)
 *(.rela.gnu.linkonce.d*)

.rel.ctors
 *(.rel.ctors)

.rela.ctors
 *(.rela.ctors)

.rel.dtors
 *(.rel.dtors)

.rela.dtors
 *(.rela.dtors)

.rel.got
 *(.rel.got)

.rela.got
 *(.rela.got)

.rel.bss
 *(.rel.bss)

.rela.bss
 *(.rela.bss)

.rel.plt
 *(.rel.plt)

.rela.plt
 *(.rela.plt)

.text           0x00000000      0x978
 *(.vectors)
 .vectors       0x00000000       0x54 C:/Program Files (x86)/Atmel/Studio/7.0/Packs/atmel/ATmega_DFP/1.0.106/gcc/dev/atmega16/avr5/crtatmega16.o
                0x00000000                __vector_default
                0x00000000                __vectors
 *(.vectors)
 *(.progmem.gcc*)
                0x00000054                . = ALIGN (0x2)
                0x00000054                __trampolines_start = .
 *(.trampolines)
 .trampolines   0x00000054        0x0 linker stubs
 *(.trampolines*)
                0x00000054                __trampolines_end = .
 *libprintf_flt.a:*(.progmem.data)
 *libc.a:*(.progmem.data)
 *(.progmem*)
                0x00000054                . = ALIGN (0x2)
 *(.jumptables)
 *(.jumptables*)
 *(.lowtext)
 *(.lowtext*)
                0x00000054                __ctors_start = .
 *(.ctors)
                0x00000054                __ctors_end = .
                0x00000054                __dtors_start = .
 *(.dtors)
                0x00000054                __dtors_end = .
 SORT(*)(.ctors)
 SORT(*)(.dtors)
 *(.init0)
 .init0         0x00000054        0x0 C:/Program Files (x86)/Atmel/Studio/7.0/Packs/atmel/ATmega_DFP/1.0.106/gcc/dev/atmega16/avr5/crtatmega16.o
                0x00000054                __init
 *(.init0)
 *(.init1)
 *(.init1)
 *(.init2)
 .init2         0x00000054        0xc C:/Program Files (x86)/Atmel/Studio/7.0/Packs/atmel/ATmega_DFP/1.0.106/gcc/dev/atmega16/avr5/crtatmega16.o
 *(.init2)
 *(.init3)
 *(.init3)
 *(.init4)
 .init4         0x00000060       0x16 c:/program files (x86)/atmel/studio/7.0/toolchain/avr8/avr8-gnu-toolchain/bin/../lib/gcc/avr/4.9.2/avr5\libgcc.a(_copy_data.o)
                0x00000060                __do_copy_data
 .init4         0x00000076       0x10 c:/program files (x86)/atmel/studio/7.0/toolchain/avr8/avr8-gnu-toolchain/bin/../lib/gcc/avr/4.9.2/avr5\libgcc.a(_clear_bss.o)
                0x00000076                __do_clear_bss
 *(.init4)
 *(.init5)
 *(.init5)
 *(.init6)
 *(.init6)
 *(.init7)
 *(.init7)
 *(.init8)
 *(.init8)
 *(.init9)
 .init9         0x00000086        0x8 C:/Program Files (x86)/Atmel/Studio/7.0/Packs/atmel/ATmega_DFP/1.0.106/gcc/dev/atmega16/avr5/crtatmega16.o
 *(.init9)
 *(.text)
 .text          0x0000008e        0x4 C:/Program Files (x86)/Atmel/Studio/7.0/Packs/atmel/ATmega_DFP/1.0.106/gcc/dev/atmega16/avr5/crtatmega16.o
                0x0000008e                __vector_1
                0x0000008e                __vector_12
                0x0000008e                __bad_interrupt
                0x0000008e                __vector_6
                0x0000008e                __vector_3
                0x0000008e                __vector_11
                0x0000008e                __vector_13
                0x0000008e                __vector_17
                0x0000008e                __vector_7
                0x0000008e                __vector_5
                0x0000008e                __vector_4
                0x0000008e                __vector_9
                0x0000008e                __vector_2
                0x0000008e                __vector_15
                0x0000008e                __vector_8
                0x0000008e                __vector_14
                0x0000008e                __vector_10
                0x0000008e                __vector_16
                0x0000008e                __vector_18
                0x0000008e                __vector_20
                0x00000092                . = ALIGN (0x2)
 *(.text.*)
 .text.APP_vdDefaultPASSinit
                0x00000092       0x40 APP.o
                0x00000092                APP_vdDefaultPASSinit
 .text.APP_vdDONE
                0x000000d2        0x8 APP.o
                0x000000d2                APP_vdDONE
 .text.APP_vdCall
                0x000000da       0xd8 APP.o
                0x000000da                APP_vdCall
 .text.DIO_vdInit
                0x000001b2       0x18 DIO.o
                0x000001b2                DIO_vdInit
 .text.DIO_u8ReadPort
                0x000001ca       0x2a DIO.o
                0x000001ca                DIO_u8ReadPort
 .text.DIO_vdWritePin
                0x000001f4       0xe0 DIO.o
                0x000001f4                DIO_vdWritePin
 .text.DIO_vdWritePort
                0x000002d4       0x46 DIO.o
                0x000002d4                DIO_vdWritePort
 .text.EEPROM_vdInit
                0x0000031a        0x6 EEPROM.o
                0x0000031a                EEPROM_vdInit
 .text.EEPROM_u8WriteByte
                0x00000320       0x7c EEPROM.o
                0x00000320                EEPROM_u8WriteByte
 .text.EEPROM_u8ReadByte
                0x0000039c       0xb4 EEPROM.o
                0x0000039c                EEPROM_u8ReadByte
 .text.EEPROM_u8WriteString
                0x00000450       0x7a EEPROM.o
                0x00000450                EEPROM_u8WriteString
 .text.EEPROM_u8ReadString
                0x000004ca       0x4e EEPROM.o
                0x000004ca                EEPROM_u8ReadString
 .text.LCD_vdSendCom
                0x00000518       0xf8 LCD.o
                0x00000518                LCD_vdSendCom
 .text.LCD_vdInit
                0x00000610       0x7e LCD.o
                0x00000610                LCD_vdInit
 .text.LCD_vdWriteChar
                0x0000068e       0xf8 LCD.o
                0x0000068e                LCD_vdWriteChar
 .text.LEDon    0x00000786       0x1e LED.o
                0x00000786                LEDon
 .text.LEDoff   0x000007a4       0x1c LED.o
                0x000007a4                LEDoff
 .text.LEDtoggle
                0x000007c0       0x1a LED.o
                0x000007c0                LEDtoggle
 .text.main     0x000007da        0xa main.o
                0x000007da                main
 .text.SCH_vdTick
                0x000007e4        0xc Sch.o
                0x000007e4                SCH_vdTick
 .text.Sch_vdInit
                0x000007f0       0x26 Sch.o
                0x000007f0                Sch_vdInit
 .text.Sch_vdEngine
                0x00000816       0x26 Sch.o
                0x00000816                Sch_vdEngine
 .text.SPI_vdInit
                0x0000083c       0x28 SPI.o
                0x0000083c                SPI_vdInit
 .text.SPI_vdSendByte
                0x00000864       0x20 SPI.o
                0x00000864                SPI_vdSendByte
 .text.SPI_u8Receive
                0x00000884       0x14 SPI.o
                0x00000884                SPI_u8Receive
 .text.TIMER0_vdInit
                0x00000898       0x38 TIMER0.o
                0x00000898                TIMER0_vdInit
 .text.__vector_19
                0x000008d0       0x4e TIMER0.o
                0x000008d0                __vector_19
 .text.TWI_vdInit
                0x0000091e       0x14 TWI.o
                0x0000091e                TWI_vdInit
 .text.TWI_vdSendStart
                0x00000932        0xc TWI.o
                0x00000932                TWI_vdSendStart
 .text.TWI_vdSendStop
                0x0000093e        0x6 TWI.o
                0x0000093e                TWI_vdSendStop
 .text.TWI_vdWrite
                0x00000944        0xe TWI.o
                0x00000944                TWI_vdWrite
 .text.TWI_u8CheckStatus
                0x00000952        0xe TWI.o
                0x00000952                TWI_u8CheckStatus
 .text.TWI_u8ReadwithNoAck
                0x00000960       0x14 TWI.o
                0x00000960                TWI_u8ReadwithNoAck
                0x00000974                . = ALIGN (0x2)
 *(.fini9)
 .fini9         0x00000974        0x0 c:/program files (x86)/atmel/studio/7.0/toolchain/avr8/avr8-gnu-toolchain/bin/../lib/gcc/avr/4.9.2/avr5\libgcc.a(_exit.o)
                0x00000974                _exit
                0x00000974                exit
 *(.fini9)
 *(.fini8)
 *(.fini8)
 *(.fini7)
 *(.fini7)
 *(.fini6)
 *(.fini6)
 *(.fini5)
 *(.fini5)
 *(.fini4)
 *(.fini4)
 *(.fini3)
 *(.fini3)
 *(.fini2)
 *(.fini2)
 *(.fini1)
 *(.fini1)
 *(.fini0)
 .fini0         0x00000974        0x4 c:/program files (x86)/atmel/studio/7.0/toolchain/avr8/avr8-gnu-toolchain/bin/../lib/gcc/avr/4.9.2/avr5\libgcc.a(_exit.o)
 *(.fini0)
                0x00000978                _etext = .

.data           0x00800060        0x6 load address 0x00000978
                0x00800060                PROVIDE (__data_start, .)
 *(.data)
 *(.data*)
 *(.rodata)
 *(.rodata*)
 .rodata.str1.1
                0x00800060        0x5 APP.o
 *(.gnu.linkonce.d*)
                0x00800066                . = ALIGN (0x2)
 *fill*         0x00800065        0x1 
                0x00800066                _edata = .
                0x00800066                PROVIDE (__data_end, .)

.bss            0x00800066        0xf
                0x00800066                PROVIDE (__bss_start, .)
 *(.bss)
 *(.bss*)
 .bss.mode      0x00800066        0x1 LCD.o
 .bss.LEDstatus
                0x00800067        0x8 LED.o
 .bss.temp.1705
                0x0080006f        0x1 Sch.o
 .bss.c         0x00800070        0x1 Sch.o
 .bss.mode      0x00800071        0x1 SPI.o
 .bss.fptr      0x00800072        0x2 TIMER0.o
 *(COMMON)
 COMMON         0x00800074        0x1 EEPROM.o
                0x00800074                x
                0x00800075                PROVIDE (__bss_end, .)
                0x00000978                __data_load_start = LOADADDR (.data)
                0x0000097e                __data_load_end = (__data_load_start + SIZEOF (.data))

.noinit         0x00800075        0x0
                [!provide]                PROVIDE (__noinit_start, .)
 *(.noinit*)
                [!provide]                PROVIDE (__noinit_end, .)
                0x00800075                _end = .
                [!provide]                PROVIDE (__heap_start, .)

.eeprom         0x00810000        0x0
 *(.eeprom*)
                0x00810000                __eeprom_end = .

.fuse
 *(.fuse)
 *(.lfuse)
 *(.hfuse)
 *(.efuse)

.lock
 *(.lock*)

.signature
 *(.signature*)

.user_signatures
 *(.user_signatures*)

.stab
 *(.stab)

.stabstr
 *(.stabstr)

.stab.excl
 *(.stab.excl)

.stab.exclstr
 *(.stab.exclstr)

.stab.index
 *(.stab.index)

.stab.indexstr
 *(.stab.indexstr)

.comment        0x00000000       0x30
 *(.comment)
 .comment       0x00000000       0x30 APP.o
                                 0x31 (size before relaxing)
 .comment       0x00000030       0x31 DIO.o
 .comment       0x00000030       0x31 EEPROM.o
 .comment       0x00000030       0x31 LCD.o
 .comment       0x00000030       0x31 LED.o
 .comment       0x00000030       0x31 main.o
 .comment       0x00000030       0x31 Sch.o
 .comment       0x00000030       0x31 SPI.o
 .comment       0x00000030       0x31 TIMER0.o
 .comment       0x00000030       0x31 TWI.o

.note.gnu.avr.deviceinfo
                0x00000000       0x3c
 .note.gnu.avr.deviceinfo
                0x00000000       0x3c C:/Program Files (x86)/Atmel/Studio/7.0/Packs/atmel/ATmega_DFP/1.0.106/gcc/dev/atmega16/avr5/crtatmega16.o

.note.gnu.build-id
 *(.note.gnu.build-id)

.debug
 *(.debug)

.line
 *(.line)

.debug_srcinfo
 *(.debug_srcinfo)

.debug_sfnames
 *(.debug_sfnames)

.debug_aranges  0x00000000      0x248
 *(.debug_aranges)
 .debug_aranges
                0x00000000       0x30 APP.o
 .debug_aranges
                0x00000030       0x40 DIO.o
 .debug_aranges
                0x00000070       0x40 EEPROM.o
 .debug_aranges
                0x000000b0       0x58 LCD.o
 .debug_aranges
                0x00000108       0x38 LED.o
 .debug_aranges
                0x00000140       0x20 main.o
 .debug_aranges
                0x00000160       0x30 Sch.o
 .debug_aranges
                0x00000190       0x40 SPI.o
 .debug_aranges
                0x000001d0       0x28 TIMER0.o
 .debug_aranges
                0x000001f8       0x50 TWI.o

.debug_pubnames
 *(.debug_pubnames)

.debug_info     0x00000000     0x1bef
 *(.debug_info .gnu.linkonce.wi.*)
 .debug_info    0x00000000      0x323 APP.o
 .debug_info    0x00000323      0x160 DIO.o
 .debug_info    0x00000483      0x4a8 EEPROM.o
 .debug_info    0x0000092b      0xac6 LCD.o
 .debug_info    0x000013f1      0x1fd LED.o
 .debug_info    0x000015ee       0xad main.o
 .debug_info    0x0000169b      0x1e6 Sch.o
 .debug_info    0x00001881      0x16f SPI.o
 .debug_info    0x000019f0       0xc9 TIMER0.o
 .debug_info    0x00001ab9      0x136 TWI.o

.debug_abbrev   0x00000000      0xa6b
 *(.debug_abbrev)
 .debug_abbrev  0x00000000      0x1ab APP.o
 .debug_abbrev  0x000001ab       0xca DIO.o
 .debug_abbrev  0x00000275      0x1b0 EEPROM.o
 .debug_abbrev  0x00000425      0x1c1 LCD.o
 .debug_abbrev  0x000005e6       0xe6 LED.o
 .debug_abbrev  0x000006cc       0x78 main.o
 .debug_abbrev  0x00000744       0xe8 Sch.o
 .debug_abbrev  0x0000082c       0xfa SPI.o
 .debug_abbrev  0x00000926       0x99 TIMER0.o
 .debug_abbrev  0x000009bf       0xac TWI.o

.debug_line     0x00000000     0x1003
 *(.debug_line .debug_line.* .debug_line_end)
 .debug_line    0x00000000      0x1f2 APP.o
 .debug_line    0x000001f2      0x1dd DIO.o
 .debug_line    0x000003cf      0x27a EEPROM.o
 .debug_line    0x00000649      0x3d1 LCD.o
 .debug_line    0x00000a1a       0xad LED.o
 .debug_line    0x00000ac7       0x5c main.o
 .debug_line    0x00000b23       0xf1 Sch.o
 .debug_line    0x00000c14      0x177 SPI.o
 .debug_line    0x00000d8b       0xdd TIMER0.o
 .debug_line    0x00000e68      0x19b TWI.o

.debug_frame    0x00000000      0x4e8
 *(.debug_frame)
 .debug_frame   0x00000000       0x84 APP.o
 .debug_frame   0x00000084       0x64 DIO.o
 .debug_frame   0x000000e8       0xd8 EEPROM.o
 .debug_frame   0x000001c0       0xe0 LCD.o
 .debug_frame   0x000002a0       0x64 LED.o
 .debug_frame   0x00000304       0x24 main.o
 .debug_frame   0x00000328       0x44 Sch.o
 .debug_frame   0x0000036c       0x7c SPI.o
 .debug_frame   0x000003e8       0x7c TIMER0.o
 .debug_frame   0x00000464       0x84 TWI.o

.debug_str      0x00000000      0x4b5
 *(.debug_str)
 .debug_str     0x00000000      0x20f APP.o
                                0x24d (size before relaxing)
 .debug_str     0x0000020f       0x5c DIO.o
                                0x1a3 (size before relaxing)
 .debug_str     0x0000026b       0xb0 EEPROM.o
                                0x26d (size before relaxing)
 .debug_str     0x0000031b       0xa1 LCD.o
                                0x263 (size before relaxing)
 .debug_str     0x000003bc       0x2d LED.o
                                0x193 (size before relaxing)
 .debug_str     0x000003e9       0x29 main.o
                                0x168 (size before relaxing)
 .debug_str     0x00000412       0x2f Sch.o
                                0x1e5 (size before relaxing)
 .debug_str     0x00000441       0x38 SPI.o
                                0x1c6 (size before relaxing)
 .debug_str     0x00000479       0x1f TIMER0.o
                                0x174 (size before relaxing)
 .debug_str     0x00000498       0x1d TWI.o
                                0x1cc (size before relaxing)

.debug_loc      0x00000000     0x146b
 *(.debug_loc)
 .debug_loc     0x00000000      0x1c1 APP.o
 .debug_loc     0x000001c1      0x1da DIO.o
 .debug_loc     0x0000039b      0x4b7 EEPROM.o
 .debug_loc     0x00000852      0x821 LCD.o
 .debug_loc     0x00001073      0x1d6 LED.o
 .debug_loc     0x00001249      0x109 SPI.o
 .debug_loc     0x00001352       0xcb TIMER0.o
 .debug_loc     0x0000141d       0x4e TWI.o

.debug_macinfo
 *(.debug_macinfo)

.debug_weaknames
 *(.debug_weaknames)

.debug_funcnames
 *(.debug_funcnames)

.debug_typenames
 *(.debug_typenames)

.debug_varnames
 *(.debug_varnames)

.debug_pubtypes
 *(.debug_pubtypes)

.debug_ranges   0x00000000      0x1a8
 *(.debug_ranges)
 .debug_ranges  0x00000000       0x20 APP.o
 .debug_ranges  0x00000020       0x30 DIO.o
 .debug_ranges  0x00000050       0x30 EEPROM.o
 .debug_ranges  0x00000080       0x48 LCD.o
 .debug_ranges  0x000000c8       0x28 LED.o
 .debug_ranges  0x000000f0       0x10 main.o
 .debug_ranges  0x00000100       0x20 Sch.o
 .debug_ranges  0x00000120       0x30 SPI.o
 .debug_ranges  0x00000150       0x18 TIMER0.o
 .debug_ranges  0x00000168       0x40 TWI.o

.debug_macro
 *(.debug_macro)
OUTPUT(CTRL.elf elf32-avr)
LOAD linker stubs
